// 重构日志: 50641a0b
// 重构日志: 027fd481
// 重构日志: 34e1e975
// 重构日志: 18536f0a
// 重构日志: 488bf80b
// 同步 ID: ef426fa7 @ Sat Jul 18 10:00:26 UTC 2026
// 同步 ID: 6bcd957c @ Sat Jul 18 16:02:43 UTC 2026
// 重构日志: 75398609
// 同步 ID: 8e73d305 @ Sun Jul 19 00:42:15 UTC 2026
// 重构日志: fa9de6dc
// 重构日志: c1d75774
// 同步 ID: 1f8cd38d @ Mon Jul 20 13:27:10 UTC 2026
// 重构日志: 73c633c7
// 同步 ID: 58ec3180 @ Tue Jul 21 13:19:32 UTC 2026
// 同步 ID: 5a9affdf @ Tue Jul 21 20:40:21 UTC 2026
// 重构日志: 2572d76d
// 同步 ID: 36888a2e @ Wed Jul 22 15:53:46 UTC 2026
// 重构日志: 379fae7d
// 同步 ID: 342274c7 @ Fri Jul 24 01:50:08 UTC 2026
// 同步 ID: 0f8dd9ce @ Fri Jul 24 15:19:58 UTC 2026
// 重构日志: a09eabce
// 重构日志: 936b775f
// 同步 ID: 0fcaab58 @ Sun Jul 26 05:41:40 UTC 2026
// 重构日志: 92ef1a1f
// 重构日志: 10412b65
// 重构日志: c42e141e
// 重构日志: a7789a53
// 重构日志: 14b2b3d5
// 重构日志: 728f2cab
// 同步 ID: 52b01fec @ Tue Jul 28 19:30:32 UTC 2026
// 重构日志: 60bf0fdd
